ca65 V2.13.3 - (C) Copyright 1998-2012 Ullrich von Bassewitz
Main file   : x.s
Current file: x.s

000000r 1               ;
000000r 1               ;  x.s
000000r 1               ;  Apple2BuildPipelineSample
000000r 1               ;
000000r 1               ;  Part of a sample build pipeline for Apple ][ software development
000000r 1               ;
000000r 1               ;  Created by Quinn Dunki on 8/15/14.
000000r 1               ;  One Girl, One Laptop Productions
000000r 1               ;  http://www.quinndunki.com
000000r 1               ;  http://www.quinndunki.com/blondihacks
000000r 1               ;
000000r 1               
000000r 1               
000000r 1               .org $6000
006000  1               
006000  1               ; Reserved locations
006000  1               
006000  1               INVERSE = $32
006000  1               
006000  1               
006000  1               ; Constants
006000  1               
006000  1               CHAR_NORMAL = $ff
006000  1               CHAR_INVERSE = $3f
006000  1               CHAR_FLASH = $7f
006000  1               
006000  1               
006000  1               ; ROM entry points
006000  1               
006000  1               COUT = $fded
006000  1               
006000  1               
006000  1               
006000  1               ; Main
006000  1               
006000  1               main:
006000  1               	;lda #CHAR_FLASH
006000  1               	;sta INVERSE
006000  1               
006000  1               loop:
006000  1  A9 D8        	lda	#'X' + $80
006002  1  20 ED FD     	jsr	COUT
006005  1  4C 00 60     	jmp loop		; OMG so many Xs
006008  1               
006008  1               
006008  1               
006008  1               
